---
source: src/shell/fish.rs
assertion_line: 180
expression: "replace_path(&sh.prepend_env(\"PATH\", \"/some/dir:/2/dir\"))"
---
fish_add_path --path --global --prepend --move /some/dir /2/dir
